Microchip MPLAB XC8 Compiler V3.00

Linker command line:

-W-3 \
  --edf=C:\Program Files\Microchip\xc8\v3.00\pic\dat\20241204225717_en.msgs \
  -cn -h+dist/default/production\Car_Black_Box_Ref.X.production.sym \
  --cmf=dist/default/production\Car_Black_Box_Ref.X.production.cmf -z \
  -Q18F4580 -oC:\Users\POOMAN~1\AppData\Local\Temp\xcAsg2s.\driver_tmp_3.o \
  --defsym=__MPLAB_BUILD=1 --fixupoverflow=error \
  -Mdist/default/production/Car_Black_Box_Ref.X.production.map \
  --md=C:\Users\POOMAN~1\AppData\Local\Temp\xcAsg2s.\driver_tmp_0.dat -E1 \
  -ver=XC8 Compiler -ACODE=00h-03000h -ACONST=00h-03000h \
  -ASMALLCONST=0600h-06FFhx42,03000h-03000h -AMEDIUMCONST=0600h-03000h \
  -ACOMRAM=01h-05Fh -AABS1=00h-05FFh -ABIGRAM=01h-05FFh \
  -ARAM=060h-0FFh,0100h-01FFhx5 -ABANK0=060h-0FFh -ABANK1=0100h-01FFh \
  -ABANK2=0200h-02FFh -ABANK3=0300h-03FFh -ABANK4=0400h-04FFh \
  -ABANK5=0500h-05FFh -ASFR=0D00h-0DFFhx2,0F00h-0F5Fh,0F60h-0FFFh \
  -ABIGSFR=0D00h-0FFFh -ACONFIG=0300000h-030000Dh -AIDLOC=0200000h-0200007h \
  -AEEDATA=0F00000h-0F000FFh -peeprom_data=EEDATA \
  -preset_vec=00h,intcode=8h,intcodelo=18h,sivt_lo,sivt_hi=CODE \
  -ppowerup=CODE,init -pramtop=0600h -psmallconst=SMALLCONST \
  -pmediumconst=MEDIUMCONST -pconst=CONST -AFARRAM=00h-00h \
  -prdata=COMRAM,nvrram=COMRAM,nvbit=COMRAM,rbss=COMRAM,rbit=COMRAM \
  -pfarbss=FARRAM,fardata=FARRAM,nvFARRAM=FARRAM \
  -pintsave_regs=BIGRAM,bigbss=BIGRAM,bigdata=BIGRAM -pbss=RAM \
  -pidata=CODE,irdata=CODE,ibigdata=CODE,ifardata=CODE -prparam=COMRAM \
  C:\Users\POOMAN~1\AppData\Local\Temp\xcAsg2s.\driver_tmp_9.o \
  dist/default/production\Car_Black_Box_Ref.X.production.o 

Object code version is 3.11

Machine type is 18F4580



                Name                               Link     Load   Length Selector   Space Scale
C:\Users\POOMAN~1\AppData\Local\Temp\xcAsg2s.\driver_tmp_9.o
                idloc                            200000   200000        8        0       5
                config                           300000   300000        E        0       4
                init                               2FFC     2FFC        4     17FE       0
                reset_vec                             0        0        4        0       0
dist/default/production\Car_Black_Box_Ref.X.production.o
                idloc                            200000   200000        8        0       5
                config                           300000   300000        E        0       4
                mediumconst                        2F06     2F06       F6     1783       0
                text46                             161A     161A       3A      B0D       0
                text45                             1854     1854       6C      C2A       0
                text44                             147C     147C       12      A3E       0
                text43                             1434     1434        8      A1A       0
                text42                             143C     143C        8      A1E       0
                text41                             1454     1454        C      A2A       0
                text40                             15EC     15EC       2E      AF6       0
                text39                             16E2     16E2       4E      B71       0
                text38                             2006     2006      108     1003       0
                text37                             18C0     18C0       74      C60       0
                text36                             2480     2480      19C     1240       0
                text35                             142E     142E        6      A17       0
                text34                             1444     1444        8      A22       0
                text33                             1460     1460        C      A30       0
                text32                             144C     144C        8      A26       0
                text31                             1598     1598       2A      ACC       0
                text30                             210E     210E      11C     1087       0
                text29                             14B6     14B6       18      A5B       0
                text28                             1730     1730       5E      B98       0
                text27                             1B70     1B70       AA      DB8       0
                text26                             1500     1500       1C      A80       0
                text25                             1ACA     1ACA       A6      D65       0
                text24                             15C2     15C2       2A      AE1       0
                text23                             1538     1538       1E      A9C       0
                text22                             169A     169A       48      B4D       0
                text21                             14A0     14A0       16      A50       0
                text20                             148E     148E       12      A47       0
                text19                             1556     1556       20      AAB       0
                text18                             151C     151C       1C      A8E       0
                text17                             1D74     1D74       C2      EBA       0
                text16                             1CC6     1CC6       AE      E63       0
                text15                             14CE     14CE       18      A67       0
                text14                             19A8     19A8       7E      CD4       0
                text13                             2B60     2B60      3A6     15B0       0
                text12                             222A     222A      11C     1115       0
                text11                             1C1A     1C1A       AC      E0D       0
                text10                             27D0     27D0      390     13E8       0
                text9                              1F00     1F00      106      F80       0
                text8                              1934     1934       74      C9A       0
                text7                              17F0     17F0       64      BF8       0
                text6                              261C     261C      1B4     130E       0
                text5                              1654     1654       46      B2A       0
                text4                              1E36     1E36       CA      F1B       0
                text3                              146C     146C       10      A36       0
                text2                              1576     1576       22      ABB       0
                text1                              2346     2346      13A     11A3       0
                text0                              1A26     1A26       A4      D13       0
                cstackCOMRAM                          1        1       3C        1       1
                dataBANK0                            60       60       1A       60       1
                bssBANK0                             7A       7A       11       60       1
                dataCOMRAM                           54       54        5        1       1
                bssCOMRAM                            3D       3D       17        1       1
                cinit                              178E     178E       62      BC7       0
                idataBANK0                         14E6     14E6       1A     14E6       0
                idataCOMRAM                        1429     1429        5     1429       0

TOTAL           Name                               Link     Load   Length     Space
        CLASS   CODE           
                init                               2FFC     2FFC        4         0
                reset_vec                             0        0        4         0
                text46                             161A     161A       3A         0
                text45                             1854     1854       6C         0
                text44                             147C     147C       12         0
                text43                             1434     1434        8         0
                text42                             143C     143C        8         0
                text41                             1454     1454        C         0
                text40                             15EC     15EC       2E         0
                text39                             16E2     16E2       4E         0
                text38                             2006     2006      108         0
                text37                             18C0     18C0       74         0
                text36                             2480     2480      19C         0
                text35                             142E     142E        6         0
                text34                             1444     1444        8         0
                text33                             1460     1460        C         0
                text32                             144C     144C        8         0
                text31                             1598     1598       2A         0
                text30                             210E     210E      11C         0
                text29                             14B6     14B6       18         0
                text28                             1730     1730       5E         0
                text27                             1B70     1B70       AA         0
                text26                             1500     1500       1C         0
                text25                             1ACA     1ACA       A6         0
                text24                             15C2     15C2       2A         0
                text23                             1538     1538       1E         0
                text22                             169A     169A       48         0
                text21                             14A0     14A0       16         0
                text20                             148E     148E       12         0
                text19                             1556     1556       20         0
                text18                             151C     151C       1C         0
                text17                             1D74     1D74       C2         0
                text16                             1CC6     1CC6       AE         0
                text15                             14CE     14CE       18         0
                text14                             19A8     19A8       7E         0
                text13                             2B60     2B60      3A6         0
                text12                             222A     222A      11C         0
                text11                             1C1A     1C1A       AC         0
                text10                             27D0     27D0      390         0
                text9                              1F00     1F00      106         0
                text8                              1934     1934       74         0
                text7                              17F0     17F0       64         0
                text6                              261C     261C      1B4         0
                text5                              1654     1654       46         0
                text4                              1E36     1E36       CA         0
                text3                              146C     146C       10         0
                text2                              1576     1576       22         0
                text1                              2346     2346      13A         0
                text0                              1A26     1A26       A4         0
                cinit                              178E     178E       62         0
                idataBANK0                         14E6     14E6       1A         0
                idataCOMRAM                        1429     1429        5         0

        CLASS   CONST          

        CLASS   SMALLCONST     

        CLASS   MEDIUMCONST    
                mediumconst                        2F06     2F06       F6         0

        CLASS   COMRAM         
                cstackCOMRAM                          1        1       3C         1
                dataCOMRAM                           54       54        5         1
                bssCOMRAM                            3D       3D       17         1

        CLASS   ABS1           

        CLASS   BIGRAM         

        CLASS   RAM            

        CLASS   BANK0          
                dataBANK0                            60       60       1A         1
                bssBANK0                             7A       7A       11         1

        CLASS   BANK1          

        CLASS   BANK2          

        CLASS   BANK3          

        CLASS   BANK4          

        CLASS   BANK5          

        CLASS   SFR            

        CLASS   BIGSFR         

        CLASS   CONFIG         
                config                           300000   300000        E         4

        CLASS   IDLOC          
                idloc                            200000   200000        8         5

        CLASS   EEDATA         

        CLASS   FARRAM         

        CLASS   HEAP           

        CLASS   STACK          



SEGMENTS        Name                           Load    Length   Top    Selector   Space  Class

                reset_vec                      000000  000004  000004         0       0  CODE    
                cstackCOMRAM                   000001  000058  000059         1       1  COMRAM  
                dataBANK0                      000060  00002B  00008B        60       1  BANK0   
                idataCOMRAM                    001429  000005  00142E      1429       0  CODE    
                text35                         00142E  000006  001434       A17       0  CODE    
                text43                         001434  000008  00143C       A1A       0  CODE    
                text42                         00143C  000008  001444       A1E       0  CODE    
                text34                         001444  000008  00144C       A22       0  CODE    
                text32                         00144C  000008  001454       A26       0  CODE    
                text41                         001454  00000C  001460       A2A       0  CODE    
                text33                         001460  00000C  00146C       A30       0  CODE    
                text3                          00146C  000010  00147C       A36       0  CODE    
                text44                         00147C  000012  00148E       A3E       0  CODE    
                text20                         00148E  000012  0014A0       A47       0  CODE    
                text21                         0014A0  000016  0014B6       A50       0  CODE    
                text29                         0014B6  000018  0014CE       A5B       0  CODE    
                text15                         0014CE  000018  0014E6       A67       0  CODE    
                idataBANK0                     0014E6  00001A  001500      14E6       0  CODE    
                text26                         001500  00001C  00151C       A80       0  CODE    
                text18                         00151C  00001C  001538       A8E       0  CODE    
                text23                         001538  00001E  001556       A9C       0  CODE    
                text19                         001556  000020  001576       AAB       0  CODE    
                text2                          001576  000022  001598       ABB       0  CODE    
                text31                         001598  00002A  0015C2       ACC       0  CODE    
                text24                         0015C2  00002A  0015EC       AE1       0  CODE    
                text40                         0015EC  00002E  00161A       AF6       0  CODE    
                text46                         00161A  00003A  001654       B0D       0  CODE    
                text5                          001654  000046  00169A       B2A       0  CODE    
                text22                         00169A  000048  0016E2       B4D       0  CODE    
                text39                         0016E2  00004E  001730       B71       0  CODE    
                text28                         001730  00005E  00178E       B98       0  CODE    
                cinit                          00178E  000062  0017F0       BC7       0  CODE    
                text7                          0017F0  000064  001854       BF8       0  CODE    
                text45                         001854  00006C  0018C0       C2A       0  CODE    
                text37                         0018C0  000074  001934       C60       0  CODE    
                text8                          001934  000074  0019A8       C9A       0  CODE    
                text14                         0019A8  00007E  001A26       CD4       0  CODE    
                text0                          001A26  0000A4  001ACA       D13       0  CODE    
                text25                         001ACA  0000A6  001B70       D65       0  CODE    
                text27                         001B70  0000AA  001C1A       DB8       0  CODE    
                text11                         001C1A  0000AC  001CC6       E0D       0  CODE    
                text16                         001CC6  0000AE  001D74       E63       0  CODE    
                text17                         001D74  0000C2  001E36       EBA       0  CODE    
                text4                          001E36  0000CA  001F00       F1B       0  CODE    
                text9                          001F00  000106  002006       F80       0  CODE    
                text38                         002006  000108  00210E      1003       0  CODE    
                text30                         00210E  00011C  00222A      1087       0  CODE    
                text12                         00222A  00011C  002346      1115       0  CODE    
                text1                          002346  00013A  002480      11A3       0  CODE    
                text36                         002480  00019C  00261C      1240       0  CODE    
                text6                          00261C  0001B4  0027D0      130E       0  CODE    
                text10                         0027D0  000390  002B60      13E8       0  CODE    
                text13                         002B60  0003A6  002F06      15B0       0  CODE    
                mediumconst                    002F06  0000F6  002FFC      1783       0  MEDIUMCO
                init                           002FFC  000004  003000      17FE       0  CODE    


UNUSED ADDRESS RANGES

        Name                Unused          Largest block    Delta
        BANK0            00008B-0000FF               75
        BANK1            000100-0001FF              100
        BANK2            000200-0002FF              100
        BANK3            000300-0003FF              100
        BANK4            000400-0004FF              100
        BANK5            000500-0005FF              100
        BIGRAM           000059-00005F                7
                         00008B-0005FF              575
        BIGSFR           000D00-000FFF              300
        CODE             000004-001428             1425
                         003000-003000                1
        COMRAM           000059-00005F                7
        CONST            000004-001428             1425
                         003000-003000                1
        EEDATA           F00000-F000FF              100
        MEDIUMCONST      000600-001428              E29
                         003000-003000                1
        RAM              00008B-0005FF              100
        SFR              000D00-000FFF              100
        SMALLCONST       000600-001428              100
                         003000-003000                1

                                  Symbol Table

?___awdiv                      cstackCOMRAM 000001
?___awmod                      cstackCOMRAM 000001
?___fldiv                      cstackCOMRAM 000016
?___fltol                      cstackCOMRAM 00002F
?___lwdiv                      cstackCOMRAM 000001
?___lwmod                      cstackCOMRAM 000008
?___xxtofl                     cstackCOMRAM 000008
?_read_adc                     cstackCOMRAM 000001
_ACKDT                         (abs)        007E2D
_ACKEN                         (abs)        007E2C
_ACKSTAT                       (abs)        007E2E
_ACQT0                         (abs)        007E03
_ACQT1                         (abs)        007E04
_ACQT2                         (abs)        007E05
_ADCON0                        (abs)        000FC2
_ADCON1                        (abs)        000FC1
_ADCS0                         (abs)        007E00
_ADCS1                         (abs)        007E01
_ADCS2                         (abs)        007E02
_ADFM                          (abs)        007E07
_ADON                          (abs)        007E10
_ADRESH                        (abs)        000FC4
_ADRESL                        (abs)        000FC3
_BCLIF                         (abs)        007D0B
_BRG16                         (abs)        007DC3
_BRGH                          (abs)        007D62
_CKE                           (abs)        007E3E
_CREN                          (abs)        007D5C
_GO                            (abs)        007E11
_GODONE                        (abs)        007E11
_PEN                           (abs)        007E2A
_PORTB                         (abs)        000F81
_PORTBbits                     (abs)        000F81
_PORTD                         (abs)        000F83
_RBPU                          (abs)        007F8F
_RC0                           (abs)        007C10
_RC1                           (abs)        007C11
_RC2                           (abs)        007C12
_RCEN                          (abs)        007E2B
_RCIF                          (abs)        007CF5
_RCREG                         (abs)        000FAE
_RD7                           (abs)        007C1F
_RSEN                          (abs)        007E29
_RX9                           (abs)        007D5E
_SEN                           (abs)        007E28
_SENDB                         (abs)        007D63
_SMP                           (abs)        007E3F
_SPBRG                         (abs)        000FAF
_SPEN                          (abs)        007D5F
_SSPADD                        (abs)        000FC8
_SSPBUF                        (abs)        000FC9
_SSPCON1                       (abs)        000FC6
_SSPIF                         (abs)        007CF3
_SYNC                          (abs)        007D64
_TRISB                         (abs)        000F93
_TRISC                         (abs)        000F94
_TRISC3                        (abs)        007CA3
_TRISC4                        (abs)        007CA4
_TRISC6                        (abs)        007CA6
_TRISC7                        (abs)        007CA7
_TRISD                         (abs)        000F95
_TRISD7                        (abs)        007CAF
_TX9                           (abs)        007D66
_TXEN                          (abs)        007D65
_TXIF                          (abs)        007CF4
_TXREG                         (abs)        000FAD
_VCFG0                         (abs)        007E0C
_VCFG1                         (abs)        007E0D
__HRAM                         (abs)        000000
__H__absolute__                __absolute__ 000000
__Habs1                        abs1         000000
__Hbank0                       bank0        000000
__Hbank1                       bank1        000000
__Hbank2                       bank2        000000
__Hbank3                       bank3        000000
__Hbank4                       bank4        000000
__Hbank5                       bank5        000000
__Hbigbss                      bigbss       000000
__Hbigdata                     bigdata      000000
__Hbigram                      bigram       000000
__Hbigsfr                      bigsfr       000000
__Hbss                         bss          000000
__HbssBANK0                    bssBANK0     000000
__HbssCOMRAM                   bssCOMRAM    000000
__Hcinit                       cinit        000000
__Hclrtext                     clrtext      000000
__Hcomram                      comram       000000
__Hconfig                      config       30000E
__Hconst                       const        000000
__HcstackCOMRAM                cstackCOMRAM 000000
__Hdata                        data         000000
__HdataBANK0                   dataBANK0    000000
__HdataCOMRAM                  dataCOMRAM   000000
__Heeprom_data                 eeprom_data  000000
__Hfarbss                      farbss       000000
__Hfardata                     fardata      000000
__Hheap                        heap         000000
__Hibigdata                    ibigdata     000000
__Hidata                       idata        000000
__HidataBANK0                  idataBANK0   000000
__HidataCOMRAM                 idataCOMRAM  000000
__Hidloc                       idloc        200008
__Hifardata                    ifardata     000000
__Hinit                        init         003000
__Hintcode                     intcode      000008
__Hintcode_body                intcode_body 000000
__Hintcodelo                   intcodelo    000018
__Hintentry                    intentry     000000
__Hintret                      intret       000000
__Hintsave_regs                intsave_regs 000000
__Hirdata                      irdata       000000
__Hmediumconst                 mediumconst  002FFC
__HnvFARRAM                    nvFARRAM     000000
__Hnvbit                       nvbit        000000
__Hnvrram                      nvrram       000000
__Hparam                       rparam       000000
__Hpowerup                     powerup      000000
__Hram                         ram          000000
__Hramtop                      ramtop       000600
__Hrbit                        rbit         000000
__Hrbss                        rbss         000000
__Hrdata                       rdata        000000
__Hreset_vec                   reset_vec    000004
__Hrparam                      rparam       000000
__Hsfr                         sfr          000000
__Hsivt_hi                     sivt_hi      000000
__Hsivt_lo                     sivt_lo      000018
__Hsmallconst                  smallconst   000000
__Hspace_0                     (abs)        003000
__Hspace_1                     (abs)        00008B
__Hspace_2                     (abs)        000000
__Hspace_4                     (abs)        60000E
__Hstack                       stack        000000
__Hstruct                      struct       000000
__Htemp                        temp         000000
__Htext                        text         000000
__Htext0                       text0        000000
__Htext1                       text1        000000
__Htext10                      text10       000000
__Htext11                      text11       000000
__Htext12                      text12       000000
__Htext13                      text13       000000
__Htext14                      text14       000000
__Htext15                      text15       000000
__Htext16                      text16       000000
__Htext17                      text17       000000
__Htext18                      text18       000000
__Htext19                      text19       000000
__Htext2                       text2        000000
__Htext20                      text20       000000
__Htext21                      text21       000000
__Htext22                      text22       000000
__Htext23                      text23       000000
__Htext24                      text24       000000
__Htext25                      text25       000000
__Htext26                      text26       000000
__Htext27                      text27       000000
__Htext28                      text28       000000
__Htext29                      text29       000000
__Htext3                       text3        000000
__Htext30                      text30       000000
__Htext31                      text31       000000
__Htext32                      text32       000000
__Htext33                      text33       000000
__Htext34                      text34       000000
__Htext35                      text35       000000
__Htext36                      text36       000000
__Htext37                      text37       000000
__Htext38                      text38       000000
__Htext39                      text39       000000
__Htext4                       text4        000000
__Htext40                      text40       000000
__Htext41                      text41       000000
__Htext42                      text42       000000
__Htext43                      text43       000000
__Htext44                      text44       000000
__Htext45                      text45       000000
__Htext46                      text46       000000
__Htext5                       text5        000000
__Htext6                       text6        000000
__Htext7                       text7        000000
__Htext8                       text8        000000
__Htext9                       text9        000000
__LRAM                         (abs)        000001
__L__absolute__                __absolute__ 000000
__Labs1                        abs1         000000
__Lbank0                       bank0        000000
__Lbank1                       bank1        000000
__Lbank2                       bank2        000000
__Lbank3                       bank3        000000
__Lbank4                       bank4        000000
__Lbank5                       bank5        000000
__Lbigbss                      bigbss       000000
__Lbigdata                     bigdata      000000
__Lbigram                      bigram       000000
__Lbigsfr                      bigsfr       000000
__Lbss                         bss          000000
__LbssBANK0                    bssBANK0     000000
__LbssCOMRAM                   bssCOMRAM    000000
__Lcinit                       cinit        000000
__Lclrtext                     clrtext      000000
__Lcomram                      comram       000000
__Lconfig                      config       000000
__Lconst                       const        000000
__LcstackCOMRAM                cstackCOMRAM 000000
__Ldata                        data         000000
__LdataBANK0                   dataBANK0    000000
__LdataCOMRAM                  dataCOMRAM   000000
__Leeprom_data                 eeprom_data  000000
__Lfarbss                      farbss       000000
__Lfardata                     fardata      000000
__Lheap                        heap         000000
__Libigdata                    ibigdata     000000
__Lidata                       idata        000000
__LidataBANK0                  idataBANK0   000000
__LidataCOMRAM                 idataCOMRAM  000000
__Lidloc                       idloc        000000
__Lifardata                    ifardata     000000
__Linit                        init         002FFC
__Lintcode                     intcode      000008
__Lintcode_body                intcode_body 000000
__Lintcodelo                   intcodelo    000018
__Lintentry                    intentry     000000
__Lintret                      intret       000000
__Lintsave_regs                intsave_regs 000000
__Lirdata                      irdata       000000
__Lmediumconst                 mediumconst  002F06
__LnvFARRAM                    nvFARRAM     000000
__Lnvbit                       nvbit        000000
__Lnvrram                      nvrram       000000
__Lparam                       rparam       000000
__Lpowerup                     powerup      000000
__Lram                         ram          000000
__Lramtop                      ramtop       000600
__Lrbit                        rbit         000000
__Lrbss                        rbss         000000
__Lrdata                       rdata        000000
__Lreset_vec                   reset_vec    000000
__Lrparam                      rparam       000000
__Lsfr                         sfr          000000
__Lsivt_hi                     sivt_hi      000000
__Lsivt_lo                     sivt_lo      000018
__Lsmallconst                  smallconst   000000
__Lspace_0                     (abs)        000000
__Lspace_1                     (abs)        000000
__Lspace_2                     (abs)        000000
__Lspace_4                     (abs)        000000
__Lstack                       stack        000000
__Lstruct                      struct       000000
__Ltemp                        temp         000000
__Ltext                        text         000000
__Ltext0                       text0        000000
__Ltext1                       text1        000000
__Ltext10                      text10       000000
__Ltext11                      text11       000000
__Ltext12                      text12       000000
__Ltext13                      text13       000000
__Ltext14                      text14       000000
__Ltext15                      text15       000000
__Ltext16                      text16       000000
__Ltext17                      text17       000000
__Ltext18                      text18       000000
__Ltext19                      text19       000000
__Ltext2                       text2        000000
__Ltext20                      text20       000000
__Ltext21                      text21       000000
__Ltext22                      text22       000000
__Ltext23                      text23       000000
__Ltext24                      text24       000000
__Ltext25                      text25       000000
__Ltext26                      text26       000000
__Ltext27                      text27       000000
__Ltext28                      text28       000000
__Ltext29                      text29       000000
__Ltext3                       text3        000000
__Ltext30                      text30       000000
__Ltext31                      text31       000000
__Ltext32                      text32       000000
__Ltext33                      text33       000000
__Ltext34                      text34       000000
__Ltext35                      text35       000000
__Ltext36                      text36       000000
__Ltext37                      text37       000000
__Ltext38                      text38       000000
__Ltext39                      text39       000000
__Ltext4                       text4        000000
__Ltext40                      text40       000000
__Ltext41                      text41       000000
__Ltext42                      text42       000000
__Ltext43                      text43       000000
__Ltext44                      text44       000000
__Ltext45                      text45       000000
__Ltext46                      text46       000000
__Ltext5                       text5        000000
__Ltext6                       text6        000000
__Ltext7                       text7        000000
__Ltext8                       text8        000000
__Ltext9                       text9        000000
__S0                           (abs)        003000
__S1                           (abs)        00008B
__S4                           (abs)        000000
__S5                           (abs)        000000
___awdiv                       text17       001D74
___awdiv@counter               cstackCOMRAM 000005
___awdiv@dividend              cstackCOMRAM 000001
___awdiv@divisor               cstackCOMRAM 000003
___awdiv@quotient              cstackCOMRAM 000007
___awdiv@sign                  cstackCOMRAM 000006
___awmod                       text16       001CC6
___awmod@counter               cstackCOMRAM 000005
___awmod@dividend              cstackCOMRAM 000001
___awmod@divisor               cstackCOMRAM 000003
___awmod@sign                  cstackCOMRAM 000006
___fldiv                       text10       0027D0
___fldiv@a                     cstackCOMRAM 00001A
___fldiv@aexp                  cstackCOMRAM 00002E
___fldiv@b                     cstackCOMRAM 000016
___fldiv@bexp                  cstackCOMRAM 00002D
___fldiv@grs                   cstackCOMRAM 000029
___fldiv@new_exp               cstackCOMRAM 000027
___fldiv@rem                   cstackCOMRAM 000022
___fldiv@sign                  cstackCOMRAM 000026
___fltol                       text9        001F00
___fltol@exp1                  cstackCOMRAM 000038
___fltol@f1                    cstackCOMRAM 00002F
___fltol@sign1                 cstackCOMRAM 000037
___heap_hi                     (abs)        000000
___heap_lo                     (abs)        000000
___inthi_sp                    stack        000000
___inthi_stack_hi              stack        000000
___inthi_stack_lo              stack        000000
___intlo_sp                    stack        000000
___intlo_stack_hi              stack        000000
___intlo_stack_lo              stack        000000
___lwdiv                       text8        001934
___lwdiv@counter               cstackCOMRAM 000007
___lwdiv@dividend              cstackCOMRAM 000001
___lwdiv@divisor               cstackCOMRAM 000003
___lwdiv@quotient              cstackCOMRAM 000005
___lwmod                       text7        0017F0
___lwmod@counter               cstackCOMRAM 00000C
___lwmod@dividend              cstackCOMRAM 000008
___lwmod@divisor               cstackCOMRAM 00000A
___param_bank                  (abs)        000000
___rparam_used                 (abs)        000001
___sp                          stack        000000
___stack_hi                    stack        000000
___stack_lo                    stack        000000
___xxtofl                      text6        00261C
___xxtofl@arg                  cstackCOMRAM 000012
___xxtofl@exp                  cstackCOMRAM 000011
___xxtofl@sign                 cstackCOMRAM 000010
___xxtofl@val                  cstackCOMRAM 000008
__accesstop                    (abs)        000060
__activetblptr                 (abs)        000002
__end_of___awdiv               text17       001E36
__end_of___awmod               text16       001D74
__end_of___fldiv               text10       002B60
__end_of___fltol               text9        002006
__end_of___lwdiv               text8        0019A8
__end_of___lwmod               text7        001854
__end_of___xxtofl              text6        0027D0
__end_of__initialization       cinit        0017E6
__end_of_clcd_print            text45       0018C0
__end_of_clcd_putch            text15       0014E6
__end_of_clcd_write            text46       001654
__end_of_clear_log             text39       001730
__end_of_display_gear_shifting text11       001CC6
__end_of_display_main_menu     text36       00261C
__end_of_display_speed         text4        001F00
__end_of_display_time          text3        00147C
__end_of_download_log          text27       001C1A
__end_of_event_reader          text30       00222A
__end_of_event_store           text12       002346
__end_of_get_time              text14       001A26
__end_of_i2c_idle              text44       00148E
__end_of_i2c_no_ack            text35       001434
__end_of_i2c_read              text33       00146C
__end_of_i2c_rep_start         text32       001454
__end_of_i2c_rx_mode           text34       00144C
__end_of_i2c_start             text43       00143C
__end_of_i2c_stop              text42       001444
__end_of_i2c_write             text41       001460
__end_of_init_adc              text26       00151C
__end_of_init_clcd             text25       001B70
__end_of_init_config           text18       001538
__end_of_init_ds1307           text22       0016E2
__end_of_init_i2c              text21       0014B6
__end_of_init_matrix_keypad    text20       0014A0
__end_of_init_uart             text19       001576
__end_of_main                  text0        001ACA
__end_of_putch                 text29       0014CE
__end_of_puts                  text28       00178E
__end_of_read_adc              text5        00169A
__end_of_read_ds1307           text24       0015EC
__end_of_read_external_eeprom  text31       0015C2
__end_of_read_switches         text37       001934
__end_of_scan_key              text38       00210E
__end_of_set_time              text13       002F06
__end_of_view_dashboard        text2        001598
__end_of_view_log              text1        002480
__end_of_write_ds1307          text23       001556
__end_of_write_external_eeprom text40       00161A
__initialization               cinit        00178E
__mediumconst                  mediumconst  002F06
__pbssBANK0                    bssBANK0     00007A
__pbssCOMRAM                   bssCOMRAM    00003D
__pcinit                       cinit        00178E
__pcstackCOMRAM                cstackCOMRAM 000001
__pdataBANK0                   dataBANK0    000060
__pdataCOMRAM                  dataCOMRAM   000054
__pidataBANK0                  idataBANK0   0014E6
__pidataCOMRAM                 idataCOMRAM  001429
__pmediumconst                 mediumconst  002F06
__ptext0                       text0        001A26
__ptext1                       text1        002346
__ptext10                      text10       0027D0
__ptext11                      text11       001C1A
__ptext12                      text12       00222A
__ptext13                      text13       002B60
__ptext14                      text14       0019A8
__ptext15                      text15       0014CE
__ptext16                      text16       001CC6
__ptext17                      text17       001D74
__ptext18                      text18       00151C
__ptext19                      text19       001556
__ptext2                       text2        001576
__ptext20                      text20       00148E
__ptext21                      text21       0014A0
__ptext22                      text22       00169A
__ptext23                      text23       001538
__ptext24                      text24       0015C2
__ptext25                      text25       001ACA
__ptext26                      text26       001500
__ptext27                      text27       001B70
__ptext28                      text28       001730
__ptext29                      text29       0014B6
__ptext3                       text3        00146C
__ptext30                      text30       00210E
__ptext31                      text31       001598
__ptext32                      text32       00144C
__ptext33                      text33       001460
__ptext34                      text34       001444
__ptext35                      text35       00142E
__ptext36                      text36       002480
__ptext37                      text37       0018C0
__ptext38                      text38       002006
__ptext39                      text39       0016E2
__ptext4                       text4        001E36
__ptext40                      text40       0015EC
__ptext41                      text41       001454
__ptext42                      text42       00143C
__ptext43                      text43       001434
__ptext44                      text44       00147C
__ptext45                      text45       001854
__ptext46                      text46       00161A
__ptext5                       text5        001654
__ptext6                       text6        00261C
__ptext7                       text7        0017F0
__ptext8                       text8        001934
__ptext9                       text9        001F00
__ramtop                       ramtop       000600
__smallconst                   mediumconst  002F06
_clcd_print                    text45       001854
_clcd_putch                    text15       0014CE
_clcd_write                    text46       00161A
_clear_log                     text39       0016E2
_clock_reg                     bssCOMRAM    00003D
_data                          bssBANK0     00007A
_display_gear_shifting         text11       001C1A
_display_main_menu             text36       002480
_display_speed                 text4        001E36
_display_time                  text3        00146C
_download_log                  text27       001B70
_event_reader                  text30       00210E
_event_store                   text12       00222A
_events                        dataBANK0    000060
_get_time                      text14       0019A8
_i2c_idle                      text44       00147C
_i2c_no_ack                    text35       00142E
_i2c_read                      text33       001460
_i2c_rep_start                 text32       00144C
_i2c_rx_mode                   text34       001444
_i2c_start                     text43       001434
_i2c_stop                      text42       00143C
_i2c_write                     text41       001454
_init_adc                      text26       001500
_init_clcd                     text25       001ACA
_init_config                   text18       00151C
_init_ds1307                   text22       00169A
_init_i2c                      text21       0014A0
_init_matrix_keypad            text20       00148E
_init_uart                     text19       001556
_key                           bssCOMRAM    00004A
_log_count                     bssCOMRAM    000042
_main                          text0        001A26
_pos                           bssCOMRAM    000044
_putch                         text29       0014B6
_puts                          text28       001730
_read_adc                      text5        001654
_read_ds1307                   text24       0015C2
_read_external_eeprom          text31       001598
_read_switches                 text37       0018C0
_scan_key                      text38       002006
_set_time                      text13       002B60
_speed                         dataCOMRAM   000055
_state                         bssCOMRAM    000049
_time                          bssCOMRAM    00004B
_view_dashboard                text2        001576
_view_log                      text1        002346
_write_ds1307                  text23       001538
_write_external_eeprom         text40       0015EC
clcd_print@addr                cstackCOMRAM 000005
clcd_print@data                cstackCOMRAM 000003
clcd_putch@addr                cstackCOMRAM 000003
clcd_putch@data                cstackCOMRAM 000004
clcd_write@byte                cstackCOMRAM 000002
clcd_write@control_bit         cstackCOMRAM 000001
display_main_menu@F10524       dataBANK0    000072
display_main_menu@arrow        cstackCOMRAM 000010
display_main_menu@menu         cstackCOMRAM 000008
display_speed@adc_val          cstackCOMRAM 000039
download_log@ind               cstackCOMRAM 000012
download_log@stored_log_count  cstackCOMRAM 000011
end_of_initialization          cinit        0017E6
event_reader@addr              cstackCOMRAM 00000B
event_reader@event_pos         cstackCOMRAM 000008
event_reader@i                 cstackCOMRAM 000009
event_reader@ind               cstackCOMRAM 00000D
event_reader@stored_log_count  cstackCOMRAM 000006
event_store@addr               bssCOMRAM    000040
event_store@i                  cstackCOMRAM 000007
i2c_write@data                 cstackCOMRAM 000001
init_ds1307@dummy              cstackCOMRAM 00000B
intlevel0                      text         000000
intlevel1                      text         000000
intlevel2                      text         000000
intlevel3                      text         000000
isa$std                        (abs)        000001
isa$xinst                      (abs)        000000
putch@byte                     cstackCOMRAM 000001
puts@s                         cstackCOMRAM 000002
read_adc@channel               cstackCOMRAM 000007
read_adc@reg_val               cstackCOMRAM 000005
read_ds1307@address            cstackCOMRAM 000002
read_ds1307@data               cstackCOMRAM 000003
read_external_eeprom@address   cstackCOMRAM 000002
read_external_eeprom@data      cstackCOMRAM 000003
read_switches@detection_type   cstackCOMRAM 000001
read_switches@key              bssCOMRAM    000048
read_switches@once             dataCOMRAM   000054
set_time@blink                 cstackCOMRAM 00000D
set_time@field                 bssCOMRAM    000046
set_time@hour                  cstackCOMRAM 00000E
set_time@min                   cstackCOMRAM 00000F
set_time@sec                   cstackCOMRAM 000010
stackhi                        (abs)        000000
stacklo                        (abs)        000000
start                          init         002FFC
start_initialization           cinit        00178E
view_log@event_pos             bssCOMRAM    000047
view_log@stored_log_count      cstackCOMRAM 000014
write_ds1307@address           cstackCOMRAM 00000A
write_ds1307@data              cstackCOMRAM 000009
write_external_eeprom@address  cstackCOMRAM 000004
write_external_eeprom@data     cstackCOMRAM 000002


MODULE INFORMATION

Module		Function		Class		Link	Load	Size
menu_options.c
		_view_log      		CODE           	2346	0000	314
		_event_reader  		CODE           	210E	0000	284
		_download_log  		CODE           	1B70	0000	170
		_set_time      		CODE           	2B60	0000	934
		_clear_log     		CODE           	16E2	0000	78

menu_options.c estimated size: 1780

matrix_keypad.c
		_init_matrix_keypad		CODE           	148E	0000	18
		_read_switches 		CODE           	18C0	0000	116
		_scan_key      		CODE           	2006	0000	264

matrix_keypad.c estimated size: 398

uart.c
		_putch         		CODE           	14B6	0000	24
		_init_uart     		CODE           	1556	0000	32
		_puts          		CODE           	1730	0000	94

uart.c estimated size: 150

i2c.c
		_i2c_start     		CODE           	1434	0000	8
		_i2c_no_ack    		CODE           	142E	0000	6
		_i2c_rep_start 		CODE           	144C	0000	8
		_i2c_idle      		CODE           	147C	0000	18
		_i2c_write     		CODE           	1454	0000	12
		_i2c_stop      		CODE           	143C	0000	8
		_i2c_read      		CODE           	1460	0000	12
		_init_i2c      		CODE           	14A0	0000	22
		_i2c_rx_mode   		CODE           	1444	0000	8

i2c.c estimated size: 102

dashboard.c
		_event_store   		CODE           	222A	0000	284
		_display_speed 		CODE           	1E36	0000	202
		_display_gear_shifting		CODE           	1C1A	0000	172
		_view_dashboard		CODE           	1576	0000	34

dashboard.c estimated size: 692

ds1307.c
		_read_ds1307   		CODE           	15C2	0000	42
		_write_ds1307  		CODE           	1538	0000	30
		_display_time  		CODE           	146C	0000	16
		_get_time      		CODE           	19A8	0000	126
		_init_ds1307   		CODE           	169A	0000	72

ds1307.c estimated size: 286

main_menu.c
		_display_main_menu		CODE           	2480	0000	412

main_menu.c estimated size: 412

adc.c
		_init_adc      		CODE           	1500	0000	28
		_read_adc      		CODE           	1654	0000	70

adc.c estimated size: 98

C:\Program Files\Microchip\xc8\v3.00\pic\sources\c99\common\lwmod.c
		___lwmod       		CODE           	17F0	0000	100

C:\Program Files\Microchip\xc8\v3.00\pic\sources\c99\common\lwmod.c estimated size: 100

C:\Program Files\Microchip\xc8\v3.00\pic\sources\c99\common\awmod.c
		___awmod       		CODE           	1CC6	0000	174

C:\Program Files\Microchip\xc8\v3.00\pic\sources\c99\common\awmod.c estimated size: 174

C:\Program Files\Microchip\xc8\v3.00\pic\sources\c99\common\sprcdiv.c
		___fldiv       		CODE           	27D0	0000	912

C:\Program Files\Microchip\xc8\v3.00\pic\sources\c99\common\sprcdiv.c estimated size: 912

external_eeprom.c
		_write_external_eeprom		CODE           	15EC	0000	46
		_read_external_eeprom		CODE           	1598	0000	42

external_eeprom.c estimated size: 88

shared
		__initialization		CODE           	178E	0000	88

shared estimated size: 88

clcd.c
		_clcd_write    		CODE           	161A	0000	58
		_clcd_print    		CODE           	1854	0000	108
		_clcd_putch    		CODE           	14CE	0000	24
		_init_clcd     		CODE           	1ACA	0000	166

clcd.c estimated size: 356

C:\Program Files\Microchip\xc8\v3.00\pic\sources\c99\common\xxtofl.c
		___xxtofl      		CODE           	261C	0000	436

C:\Program Files\Microchip\xc8\v3.00\pic\sources\c99\common\xxtofl.c estimated size: 436

C:\Program Files\Microchip\xc8\v3.00\pic\sources\c99\common\lwdiv.c
		___lwdiv       		CODE           	1934	0000	116

C:\Program Files\Microchip\xc8\v3.00\pic\sources\c99\common\lwdiv.c estimated size: 116

C:\Program Files\Microchip\xc8\v3.00\pic\sources\c99\common\awdiv.c
		___awdiv       		CODE           	1D74	0000	194

C:\Program Files\Microchip\xc8\v3.00\pic\sources\c99\common\awdiv.c estimated size: 194

C:\Program Files\Microchip\xc8\v3.00\pic\sources\c99\common\fltol.c
		___fltol       		CODE           	1F00	0000	262

C:\Program Files\Microchip\xc8\v3.00\pic\sources\c99\common\fltol.c estimated size: 262

main.c
		_main          		CODE           	1A26	0000	164
		_init_config   		CODE           	151C	0000	28

main.c estimated size: 192

